// Jest Snapshot v1, https://goo.gl/fbAQLP

exports[`Page News Component should render News component 1`] = `
{
  "asFragment": [Function],
  "baseElement": <body>
    <div>
      <div>
        <div
          class="animate-tilt absolute -inset-0.5 rounded-lg bg-gradient-to-r from-pink-600 to-purple-600 opacity-75 blur transition duration-1000 group-hover:opacity-100 group-hover:duration-200"
        />
        <a
          class="relative flex items-center divide-x divide-gray-600 rounded-lg bg-black px-7 py-3 leading-none"
          href="https://driftdb.com/"
          rel="noreferrer"
          target="_blank"
        >
          <span
            class="flex items-center space-x-5"
          >
            <big
              class="text-3xl font-bold text-pink-600"
            >
              1
            </big>
            <span
              class="py-3 pr-6 font-bold text-gray-100"
            >
              Show HN: DriftDB is an open source WebSocket backend for real-time apps
            </span>
          </span>
        </a>
      </div>
    </div>
  </body>,
  "container": <div>
    <div>
      <div
        class="animate-tilt absolute -inset-0.5 rounded-lg bg-gradient-to-r from-pink-600 to-purple-600 opacity-75 blur transition duration-1000 group-hover:opacity-100 group-hover:duration-200"
      />
      <a
        class="relative flex items-center divide-x divide-gray-600 rounded-lg bg-black px-7 py-3 leading-none"
        href="https://driftdb.com/"
        rel="noreferrer"
        target="_blank"
      >
        <span
          class="flex items-center space-x-5"
        >
          <big
            class="text-3xl font-bold text-pink-600"
          >
            1
          </big>
          <span
            class="py-3 pr-6 font-bold text-gray-100"
          >
            Show HN: DriftDB is an open source WebSocket backend for real-time apps
          </span>
        </span>
      </a>
    </div>
  </div>,
  "debug": [Function],
  "findAllByAltText": [Function],
  "findAllByDisplayValue": [Function],
  "findAllByLabelText": [Function],
  "findAllByPlaceholderText": [Function],
  "findAllByRole": [Function],
  "findAllByTestId": [Function],
  "findAllByText": [Function],
  "findAllByTitle": [Function],
  "findByAltText": [Function],
  "findByDisplayValue": [Function],
  "findByLabelText": [Function],
  "findByPlaceholderText": [Function],
  "findByRole": [Function],
  "findByTestId": [Function],
  "findByText": [Function],
  "findByTitle": [Function],
  "getAllByAltText": [Function],
  "getAllByDisplayValue": [Function],
  "getAllByLabelText": [Function],
  "getAllByPlaceholderText": [Function],
  "getAllByRole": [Function],
  "getAllByTestId": [Function],
  "getAllByText": [Function],
  "getAllByTitle": [Function],
  "getByAltText": [Function],
  "getByDisplayValue": [Function],
  "getByLabelText": [Function],
  "getByPlaceholderText": [Function],
  "getByRole": [Function],
  "getByTestId": [Function],
  "getByText": [Function],
  "getByTitle": [Function],
  "queryAllByAltText": [Function],
  "queryAllByDisplayValue": [Function],
  "queryAllByLabelText": [Function],
  "queryAllByPlaceholderText": [Function],
  "queryAllByRole": [Function],
  "queryAllByTestId": [Function],
  "queryAllByText": [Function],
  "queryAllByTitle": [Function],
  "queryByAltText": [Function],
  "queryByDisplayValue": [Function],
  "queryByLabelText": [Function],
  "queryByPlaceholderText": [Function],
  "queryByRole": [Function],
  "queryByTestId": [Function],
  "queryByText": [Function],
  "queryByTitle": [Function],
  "rerender": [Function],
  "unmount": [Function],
}
`;
